{"ok":true,"payload":{"adapter_version":"0.2.0","engine":{"name":"scylladb"},"name":"scylladb","protocol_versions":["probavi-adapter/0"],"sources":[{"capabilities":{"pitr":false},"kind":"scylladb_snapshot_tar"},{"capabilities":{"pitr":false},"kind":"scylladb_snapshot"},{"capabilities":{"pitr":false},"kind":"scylladb_snapshot_dir"}],"sql_runner":{"argv":["bash","-c","set -o pipefail\nprobe='^SELECT count\\(\\*\\) FROM \"[A-Za-z_][A-Za-z0-9_]*\"(\\.\"[A-Za-z_][A-Za-z0-9_]*\")? WHERE 1=0$'\nstmt=$2\nif printf '%s' \"$stmt\" | grep -Eq \"$probe\"; then\n  stmt=$(printf '%s' \"$stmt\" | sed -E 's/^SELECT count\\(\\*\\) FROM (.*) WHERE 1=0$/DESCRIBE TABLE \\1/')\nfi\ncqlsh --no-color -k \"$1\" -e \"$stmt\" | awk '/^-+[-+]*$/{d=1;next} d\u0026\u0026NF==0{exit} d{gsub(/^ +| +$/,\"\"); gsub(/ *\\| */,\"\\t\"); print}'","bash","{{database}}","{{sql}}"],"env":{}},"verbs_required":["exec","put_file"]},"protocol":"probavi-adapter/0","request_id":"r-test"}
