{"ok":true,"payload":{"adapter_version":"0.4.0","engine":{"name":"mariadb"},"name":"mariadb","protocol_versions":["probavi-adapter/0"],"sources":[{"capabilities":{"pitr":false},"kind":"mariadb_dump"},{"capabilities":{"pitr":false},"kind":"mariadb_dump_dir"},{"capabilities":{"pitr":false},"kind":"mariadb_backup"}],"sql_runner":{"argv":["mariadb","-h","127.0.0.1","-u","{{user}}","-D","{{database}}","--init-command=SET SESSION sql_mode = CONCAT(@@sql_mode, ',ANSI_QUOTES')","-N","-B","-e","{{sql}}"],"env":{}},"verbs_required":["exec","put_file"]},"protocol":"probavi-adapter/0","request_id":"r-test"}
