{"ok":true,"payload":{"adapter_version":"0.3.0","engine":{"name":"etcd"},"name":"etcd","protocol_versions":["probavi-adapter/0"],"sources":[{"capabilities":{"pitr":false},"kind":"etcd_snapshot"},{"capabilities":{"pitr":false},"kind":"etcd_snapshot_dir"}],"sql_runner":{"argv":["sh","-c","set -f; exec etcdctl --endpoints=http://127.0.0.1:2379 --dial-timeout=5s $0","{{sql}}"],"env":{}},"verbs_required":["exec","put_file"]},"protocol":"probavi-adapter/0","request_id":"r-test"}
