{"ok":true,"payload":{"adapter_version":"0.2.0","engine":{"name":"influxdb"},"name":"influxdb","protocol_versions":["probavi-adapter/0"],"sources":[{"capabilities":{"pitr":false},"kind":"influx_backup_tar"},{"capabilities":{"pitr":false},"kind":"influx_backup"},{"capabilities":{"pitr":false},"kind":"influx_backup_dir"}],"sql_runner":{"argv":["influx","query","--host","http://127.0.0.1:8086","-t","probavi-sandbox-token","-o","{{database}}","{{sql}}"],"env":{}},"verbs_required":["exec","put_file"]},"protocol":"probavi-adapter/0","request_id":"r-test"}
