{"ok":true,"payload":{"adapter_version":"0.2.0","engine":{"name":"victoriametrics"},"name":"victoriametrics","protocol_versions":["probavi-adapter/0"],"sources":[{"capabilities":{"pitr":false},"kind":"victoriametrics_backup_tar"},{"capabilities":{"pitr":false},"kind":"victoriametrics_backup"},{"capabilities":{"pitr":false},"kind":"victoriametrics_backup_dir"}],"sql_runner":{"argv":["sh","-c","out=$(promtool query instant --time \"$1\" http://127.0.0.1:8428 \"$2\") || exit $?\n[ -n \"$out\" ] || exit 0\nprintf '%s\\n' \"$out\" | awk '\n  $NF ~ /^@\\[[0-9.]+\\]$/ { print $(NF-1); next }\n  { print \"unexpected promtool output: \" $0 \u003e \"/dev/stderr\"; exit 1 }'","sh","{{database}}","{{sql}}"],"env":{}},"verbs_required":["exec","put_file"]},"protocol":"probavi-adapter/0","request_id":"r-test"}
