{"ok":true,"payload":{"adapter_version":"0.1.0","engine":{"name":"victoriametrics"},"name":"victoriametrics","protocol_versions":["probavi-adapter/0"],"sources":[{"capabilities":{"pitr":false},"kind":"victoriametrics_backup_tar"},{"capabilities":{"pitr":false},"kind":"victoriametrics_backup"},{"capabilities":{"pitr":false},"kind":"victoriametrics_backup_dir"}],"sql_runner":{"argv":["promtool","query","instant","--time","{{database}}","http://127.0.0.1:8428","{{sql}}"],"env":{}},"verbs_required":["exec","put_file"]},"protocol":"probavi-adapter/0","request_id":"r-test"}
