{"ok":true,"payload":{"adapter_version":"0.4.0","engine":{"name":"redis"},"name":"redis","protocol_versions":["probavi-adapter/0"],"sources":[{"capabilities":{"pitr":false},"kind":"redis_rdb"},{"capabilities":{"pitr":false},"kind":"redis_rdb_dir"},{"capabilities":{"pitr":false},"kind":"redis_aof"}],"sql_runner":{"argv":["sh","-c","set -f; exec redis-cli -e -h 127.0.0.1 -p 6379 $0","{{sql}}"],"env":{}},"verbs_required":["exec","put_file"]},"protocol":"probavi-adapter/0","request_id":"r-test"}
