{"ok":true,"payload":{"adapter_version":"0.7.0","checks":{"row_count":{"statement":"EVAL return#redis.call('keys',ARGV[1]) 0 {{table}}:*"},"table_exists":{"statement":"EVAL assert(redis.call('keys',ARGV[1])[1],'no_keys_under_this_prefix') 0 {{table}}:*"}},"engine":{"name":"redis"},"identifier":{"close":"","open":"","separator":"."},"name":"redis","protocol_versions":["probavi-adapter/1","probavi-adapter/0"],"sources":[{"capabilities":{"pitr":false},"kind":"redis_rdb"},{"capabilities":{"pitr":false},"kind":"redis_rdb_dir"},{"capabilities":{"pitr":false},"kind":"redis_aof"}],"sql_runner":{"argv":["sh","-c","set -f; exec redis-cli -e -h 127.0.0.1 -p 6379 $0","{{sql}}"],"env":{}},"verbs_required":["exec","put_file"]},"protocol":"probavi-adapter/0","request_id":"r-test"}
