{"ok":true,"payload":{"adapter_version":"0.5.0","engine":{"name":"mongodb"},"name":"mongodb","protocol_versions":["probavi-adapter/0"],"sources":[{"capabilities":{"pitr":false},"kind":"mongodump"},{"capabilities":{"pitr":false},"kind":"mongodump_dir"},{"capabilities":{"pitr":false},"kind":"mongodump_with_users"},{"capabilities":{"pitr":false},"kind":"mongodump_with_oplog"}],"sql_runner":{"argv":["mongosh","--quiet","--norc","--host","127.0.0.1","--port","27017","{{database}}","--eval","{{sql}}"],"env":{}},"verbs_required":["exec","put_file"]},"protocol":"probavi-adapter/0","request_id":"r-test"}
