{"ok":true,"payload":{"adapter_version":"0.1.0","engine":{"name":"sqlite"},"name":"sqlite","protocol_versions":["probavi-adapter/0"],"sources":[{"capabilities":{"pitr":false},"kind":"sqlite_db"},{"capabilities":{"pitr":false},"kind":"sqlite_db_dir"},{"capabilities":{"pitr":false},"kind":"sqlite_dump"},{"capabilities":{"pitr":false},"kind":"sqlite_dump_dir"}],"sql_runner":{"argv":["sqlite3","-batch","-noheader","-bail","-separator","\t","{{database}}","{{sql}}"],"env":{}},"verbs_required":["exec","put_file"]},"protocol":"probavi-adapter/0","request_id":"r-test"}
