{"ok":true,"payload":{"adapter_version":"0.1.0","engine":{"name":"firebird"},"name":"firebird","protocol_versions":["probavi-adapter/0"],"sources":[{"capabilities":{"pitr":false},"kind":"firebird_gbak"},{"capabilities":{"pitr":false},"kind":"firebird_gbak_dir"}],"sql_runner":{"argv":["bash","-c","set -u\nset -o pipefail\ns=$2\ns=${s%\"${s##*[![:space:]]}\"}\ns=${s%;}\nprintf 'SET HEADING OFF;\\n%s;\\n' \"$s\" | isql -q -b -nodbtriggers \"$1\"","bash","{{database}}","{{sql}}"],"env":{}},"verbs_required":["exec","put_file"]},"protocol":"probavi-adapter/0","request_id":"r-test"}
