{"ok":true,"payload":{"adapter_version":"0.1.0","engine":{"name":"arangodb"},"name":"arangodb","protocol_versions":["probavi-adapter/0"],"sources":[{"capabilities":{"pitr":false},"kind":"arangodb_dump"},{"capabilities":{"pitr":false},"kind":"arangodb_dump_tar"},{"capabilities":{"pitr":false},"kind":"arangodb_dump_dir"}],"sql_runner":{"argv":["sh","-c","set -u\nPROBAVI_AQL=$2\nexport PROBAVI_AQL\nexec arangosh --quiet --server.endpoint tcp://127.0.0.1:8529 --server.authentication false \\\n  --server.database \"$1\" --javascript.execute /tmp/probavi-arangodb-runner.js","sh","{{database}}","{{sql}}"],"env":{}},"verbs_required":["exec","put_file"]},"protocol":"probavi-adapter/0","request_id":"r-test"}
