{"ok":true,"payload":{"adapter_version":"0.10.0","engine":{"name":"postgresql"},"name":"postgres","protocol_versions":["probavi-adapter/0"],"sources":[{"capabilities":{"pitr":false},"kind":"pgdump"},{"capabilities":{"pitr":false},"kind":"pgdump_dir"},{"capabilities":{"pitr":false},"kind":"pgdump_with_globals"},{"capabilities":{"pitr":true},"kind":"pgbackrest"}],"sql_runner":{"argv":["psql","-U","{{user}}","-d","{{database}}","-tA","-v","ON_ERROR_STOP=1","-c","{{sql}}"],"env":{}},"verbs_required":["exec","put_file"]},"protocol":"probavi-adapter/0","request_id":"r-test"}
