{"ok":true,"payload":{"adapter_version":"0.1.0","engine":{"name":"questdb"},"name":"questdb","protocol_versions":["probavi-adapter/0"],"sources":[{"capabilities":{"pitr":false},"kind":"questdb_checkpoint"},{"capabilities":{"pitr":false},"kind":"questdb_checkpoint_dir"},{"capabilities":{"pitr":false},"kind":"questdb_data"}],"sql_runner":{"argv":["bash","-c","set -u\nout=$(curl -s -w '\\n%{http_code}' -G \"http://127.0.0.1:9000/exp\" --data-urlencode \"query=$1\") || {\n  echo \"the engine could not be reached\" \u003e\u00262; exit 1; }\ncode=${out##*$'\\n'}\nbody=${out%$'\\n'*}\n[ \"$code\" = 200 ] || { printf '%s\\n' \"$body\" \u003e\u00262; exit 1; }\nprintf '%s\\n' \"$body\" | tail -n +2 | sed 's/^\"//; s/\"$//'","bash","{{sql}}"],"env":{}},"verbs_required":["exec","put_file"]},"protocol":"probavi-adapter/0","request_id":"r-test"}
