{"ok":true,"payload":{"adapter_version":"0.8.0","engine":{"name":"sqlserver"},"name":"mssql","protocol_versions":["probavi-adapter/0"],"sources":[{"capabilities":{"pitr":false},"kind":"bak"},{"capabilities":{"pitr":false},"kind":"bak_dir"},{"capabilities":{"pitr":false},"kind":"bak_with_logins"},{"capabilities":{"pitr":false},"kind":"bak_chain"}],"sql_runner":{"argv":["/opt/mssql-tools18/bin/sqlcmd","-S","127.0.0.1,1433","-U","{{user}}","-d","{{database}}","-C","-b","-I","-h","-1","-W","-s","\t","-Q","{{sql}}"],"env":{"SQLCMDINI":"/tmp/probavi-sqlcmd-init.sql","SQLCMDPASSWORD":"Probavi!DrillSandbox0"}},"verbs_required":["exec","put_file"]},"protocol":"probavi-adapter/0","request_id":"r-test"}
