{"ok":true,"payload":{"adapter_version":"0.3.0","engine":{"name":"prometheus"},"name":"prometheus","protocol_versions":["probavi-adapter/0"],"sources":[{"capabilities":{"pitr":false},"kind":"prometheus_snapshot_tar"},{"capabilities":{"pitr":false},"kind":"prometheus_snapshot"},{"capabilities":{"pitr":false},"kind":"prometheus_snapshot_dir"}],"sql_runner":{"argv":["promtool","query","instant","--time","{{database}}","http://127.0.0.1:9090","{{sql}}"],"env":{}},"verbs_required":["exec","put_file"]},"protocol":"probavi-adapter/0","request_id":"r-test"}
