{"ok":true,"payload":{"adapter_version":"0.1.0","engine":{"name":"tdengine"},"name":"tdengine","protocol_versions":["probavi-adapter/0"],"sources":[{"capabilities":{"pitr":false},"kind":"taosdump"},{"capabilities":{"pitr":false},"kind":"taosdump_dir"},{"capabilities":{"pitr":false},"kind":"taosdump_tar"}],"sql_runner":{"argv":["bash","-c","set -u\nout=$(curl -s -w '\\n%{http_code}' -u root:taosdata --data-binary \"$1\" \"http://127.0.0.1:6041/rest/sql\") || {\n  echo \"the engine could not be reached\" \u003e\u00262; exit 1; }\ncode=${out##*$'\\n'}\nbody=${out%$'\\n'*}\n[ \"$code\" = 200 ] || { printf '%s\\n' \"$body\" \u003e\u00262; exit 1; }\ncase \"$body\" in\n  *'\"code\":0'*) ;;\n  *) printf '%s\\n' \"$body\" \u003e\u00262; exit 1;;\nesac\nprintf '%s\\n' \"$body\" |\n  sed -n 's/.*\"data\":\\[\\[\\(.*\\)\\]\\].*/\\1/p' |\n  sed 's/^\"//; s/\"$//; s/\",\"/\\t/g'","bash","{{sql}}"],"env":{}},"verbs_required":["exec","put_file"]},"protocol":"probavi-adapter/0","request_id":"r-test"}
