{"ok":true,"payload":{"adapter_version":"0.2.0","engine":{"name":"clickhouse"},"name":"clickhouse","protocol_versions":["probavi-adapter/0"],"sources":[{"capabilities":{"pitr":false},"kind":"clickhouse_backup"},{"capabilities":{"pitr":false},"kind":"clickhouse_backup_dir"}],"sql_runner":{"argv":["clickhouse-client","--host","127.0.0.1","--user","{{user}}","--database","{{database}}","--query","{{sql}}"],"env":{}},"verbs_required":["exec","put_file"]},"protocol":"probavi-adapter/0","request_id":"r-test"}
