{"ok":true,"payload":{"adapter_version":"0.1.0","engine":{"name":"duckdb"},"name":"duckdb","protocol_versions":["probavi-adapter/0"],"sources":[{"capabilities":{"pitr":false},"kind":"duckdb_db"},{"capabilities":{"pitr":false},"kind":"duckdb_db_dir"},{"capabilities":{"pitr":false},"kind":"duckdb_export"}],"sql_runner":{"argv":["duckdb","-batch","-list","-noheader","-bail","-separator","\t","{{database}}","{{sql}}"],"env":{}},"verbs_required":["exec","put_file"]},"protocol":"probavi-adapter/0","request_id":"r-test"}
