{"ok":true,"payload":{"adapter_version":"0.2.0","engine":{"name":"cassandra"},"name":"cassandra","protocol_versions":["probavi-adapter/0"],"sources":[{"capabilities":{"pitr":false},"kind":"cassandra_snapshot_tar"},{"capabilities":{"pitr":false},"kind":"cassandra_snapshot"},{"capabilities":{"pitr":false},"kind":"cassandra_snapshot_dir"}],"sql_runner":{"argv":["bash","-c","set -o pipefail\ncqlsh --no-color -k \"$1\" -e \"$2\" | awk '/^-+[-+]*$/{d=1;next} d\u0026\u0026NF==0{exit} d{gsub(/^ +| +$/,\"\"); gsub(/ *\\| */,\"\\t\"); print}'","bash","{{database}}","{{sql}}"],"env":{}},"verbs_required":["exec","put_file"]},"protocol":"probavi-adapter/0","request_id":"r-test"}
