{"ok":true,"payload":{"adapter_version":"0.7.0","engine":{"name":"mysql"},"name":"mysql","protocol_versions":["probavi-adapter/0"],"sources":[{"capabilities":{"pitr":false},"kind":"mysqldump"},{"capabilities":{"pitr":false},"kind":"mysqldump_dir"},{"capabilities":{"pitr":false},"kind":"mysqldump_with_users"},{"capabilities":{"pitr":false},"kind":"xtrabackup"}],"sql_runner":{"argv":["mysql","-h","127.0.0.1","-u","{{user}}","-D","{{database}}","--init-command=SET SESSION sql_mode = CONCAT(@@sql_mode, ',ANSI_QUOTES')","-N","-B","-e","{{sql}}"],"env":{}},"verbs_required":["exec","put_file"]},"protocol":"probavi-adapter/0","request_id":"r-test"}
