{"ok":true,"payload":{"adapter_version":"0.1.0","engine":{"name":"opensearch"},"name":"opensearch","protocol_versions":["probavi-adapter/0"],"sources":[{"capabilities":{"pitr":false},"kind":"opensearch_repo_tar"},{"capabilities":{"pitr":false},"kind":"opensearch_repo"}],"sql_runner":{"argv":["bash","-c","set -o pipefail\nbody=$(python3 -c 'import json,sys; print(json.dumps({\"query\": sys.argv[1]}))' \"$1\")\ncurl -sf -XPOST 'http://127.0.0.1:9200/_plugins/_sql?format=raw' -H 'Content-Type: application/json' --data-binary \"$body\" | tail -n +2 | tr '|' '\\t'","bash","{{sql}}"],"env":{}},"verbs_required":["exec","put_file"]},"protocol":"probavi-adapter/0","request_id":"r-test"}
